== pebble-beach
!! pebble-beach failed: no golf_course found for "Pebble Beach Golf Links"
== spyglass-hill
   found way/281477606 Spyglass Hill Golf Course, Lisbon Lane, Del Monte Forest, Monterey County, California, 939
   1981 OSM elements in the box
   3dep retry HTTP Error 504: Gateway Time-out
   3dep retry HTTP Error 504: Gateway Time-out
   3dep retry HTTP Error 504: Gateway Time-out
   3dep retry HTTP Error 504: Gateway Time-out
   3dep retry HTTP Error 504: Gateway Time-out
   3dep retry HTTP Error 504: Gateway Time-out
!! spyglass-hill failed: 3DEP failed
== torrey-pines-south
   found way/35679036 Torrey Pines South Course, 11480, North Torrey Pines Road, Torrey Pines, San Diego, San Di
   1981 OSM elements in the box
   3dep retry HTTP Error 502: Bad Gateway
   3dep retry HTTP Error 502: Bad Gateway
   3dep retry HTTP Error 504: Gateway Time-out
   3dep retry HTTP Error 504: Gateway Time-out
   3dep retry HTTP Error 504: Gateway Time-out
   3dep retry HTTP Error 502: Bad Gateway
   3dep retry HTTP Error 502: Bad Gateway
   3dep retry HTTP Error 502: Bad Gateway
   terrain 0.0..137.2 m, 18 green patches
   wrote /home/runner/work/dubsdread-3d/dubsdread-3d/tools/../golf/courses/torrey-pines-south.js (1192 KB), par 72, 7735 yards
    1 par 4 hcp  5  448 yd  tees 3 bunkers 5 fairways 1
    2 par 4 hcp 15  389 yd  tees 4 bunkers 4 fairways 1
    3 par 3 hcp 13  193 yd  tees 4 bunkers 1 fairways 1
    4 par 4 hcp  3  484 yd  tees 5 bunkers 3 fairways 1
    5 par 4 hcp 11  452 yd  tees 3 bunkers 4 fairways 1
    6 par 5 hcp  9  591 yd  tees 6 bunkers 7 fairways 1
    7 par 4 hcp  1  463 yd  tees 3 bunkers 3 fairways 1
    8 par 3 hcp 17  173 yd  tees 3 bunkers 2 fairways 1
    9 par 5 hcp  7  610 yd  tees 4 bunkers 9 fairways 1
   10 par 4 hcp 16  416 yd  tees 5 bunkers 4 fairways 1
   11 par 3 hcp 14  221 yd  tees 4 bunkers 3 fairways 1
   12 par 4 hcp  2  501 yd  tees 5 bunkers 5 fairways 1
   13 par 5 hcp  6  621 yd  tees 3 bunkers 12 fairways 1
   14 par 4 hcp  8  431 yd  tees 3 bunkers 4 fairways 1
   15 par 4 hcp 12  514 yd  tees 4 bunkers 2 fairways 1
   16 par 3 hcp 18  224 yd  tees 3 bunkers 3 fairways 1
   17 par 4 hcp  4  436 yd  tees 5 bunkers 4 fairways 1
   18 par 5 hcp 10  568 yd  tees 4 bunkers 7 fairways 1
== bethpage-black
!! bethpage-black failed: no golf_course found for "Bethpage Black Course"
== tpc-sawgrass
!! tpc-sawgrass failed: no golf_course found for "TPC Sawgrass Stadium Course"
== chambers-bay
   found way/26787026 Chambers Bay Golf Course, 6320, Grandview Drive West, Pioneer, University Place, Pierce Co
   1665 OSM elements in the box
   3dep retry HTTP Error 502: Bad Gateway
   3dep retry HTTP Error 502: Bad Gateway
   3dep retry HTTP Error 502: Bad Gateway
   3dep retry HTTP Error 502: Bad Gateway
   3dep retry HTTP Error 502: Bad Gateway
   3dep retry HTTP Error 502: Bad Gateway
   terrain -1.5..93.1 m, 18 green patches
   wrote /home/runner/work/dubsdread-3d/dubsdread-3d/tools/../golf/courses/chambers-bay.js (1402 KB), par 72, 7542 yards
    1 par 4 hcp  6  489 yd  tees 3 bunkers 5 fairways 3
    2 par 4 hcp 12  400 yd  tees 3 bunkers 3 fairways 1
    3 par 3 hcp 18  197 yd  tees 2 bunkers 2 fairways 1
    4 par 5 hcp  5  514 yd  tees 2 bunkers 7 fairways 1
    5 par 4 hcp  8  476 yd  tees 5 bunkers 4 fairways 0
    6 par 4 hcp  7  489 yd  tees 4 bunkers 3 fairways 0
    7 par 4 hcp  9  473 yd  tees 4 bunkers 3 fairways 1
    8 par 5 hcp  1  596 yd  tees 3 bunkers 0 fairways 4
    9 par 3 hcp 16  221 yd  tees 4 bunkers 7 fairways 1
   10 par 4 hcp 13  386 yd  tees 2 bunkers 9 fairways 0
   11 par 4 hcp  4  531 yd  tees 2 bunkers 2 fairways 1
   12 par 4 hcp 14  294 yd  tees 2 bunkers 2 fairways 0
   13 par 5 hcp 10  472 yd  tees 1 bunkers 2 fairways 0
   14 par 4 hcp  3  535 yd  tees 4 bunkers 3 fairways 1
   15 par 3 hcp 15  237 yd  tees 2 bunkers 2 fairways 1
   16 par 4 hcp 11  421 yd  tees 4 bunkers 4 fairways 1
   17 par 3 hcp 17  215 yd  tees 5 bunkers 3 fairways 1
   18 par 5 hcp  2  596 yd  tees 3 bunkers 8 fairways 0
== whistling-straits
!! whistling-straits failed: no golf_course found for "Whistling Straits Straits Course"
== pinehurst-2
   found way/1358696570 Pinehurst No. 2, Page Road, Pinehurst, Moore County, North Carolina, 28374, United States
   2361 OSM elements in the box
!! pinehurst-2 failed: pinehurst-2: holes missing [1, 2, 3, 4, 5, 6, 7, 8, 9, 10, 11, 12, 13, 14, 15, 16, 17, 18]
== harbour-town
   found relation/4813858 Harbour Town Golf Links, 11, Lighthouse Lane, Harbour Town, Hilton Head Island, Beaufort C
   958 OSM elements in the box
   3dep retry HTTP Error 502: Bad Gateway
   3dep retry HTTP Error 502: Bad Gateway
   3dep retry HTTP Error 502: Bad Gateway
   3dep retry HTTP Error 502: Bad Gateway
   3dep retry HTTP Error 502: Bad Gateway
   3dep retry HTTP Error 502: Bad Gateway
   3dep retry HTTP Error 502: Bad Gateway
   3dep retry HTTP Error 502: Bad Gateway
   3dep retry HTTP Error 502: Bad Gateway
   3dep retry HTTP Error 502: Bad Gateway
   terrain -1.5..7.7 m, 18 green patches
   wrote /home/runner/work/dubsdread-3d/dubsdread-3d/tools/../golf/courses/harbour-town.js (956 KB), par 71, 6592 yards
    1 par 4 hcp 11  392 yd  tees 2 bunkers 1 fairways 3
    2 par 5 hcp  3  477 yd  tees 1 bunkers 4 fairways 1
    3 par 4 hcp  4  437 yd  tees 1 bunkers 5 fairways 1
    4 par 3 hcp 17  166 yd  tees 3 bunkers 2 fairways 0
    5 par 5 hcp  2  515 yd  tees 2 bunkers 12 fairways 1
    6 par 4 hcp  9  404 yd  tees 3 bunkers 6 fairways 1
    7 par 3 hcp 18  166 yd  tees 1 bunkers 1 fairways 0
    8 par 4 hcp  7  420 yd  tees 2 bunkers 2 fairways 2
    9 par 4 hcp 14  301 yd  tees 1 bunkers 4 fairways 3
   10 par 4 hcp  8  418 yd  tees 3 bunkers 4 fairways 3
   11 par 4 hcp 10  401 yd  tees 1 bunkers 5 fairways 1
   12 par 4 hcp 12  387 yd  tees 1 bunkers 3 fairways 2
   13 par 4 hcp 13  334 yd  tees 1 bunkers 5 fairways 2
   14 par 3 hcp 16  185 yd  tees 2 bunkers 0 fairways 1
   15 par 5 hcp  1  525 yd  tees 1 bunkers 6 fairways 1
   16 par 4 hcp  6  421 yd  tees 2 bunkers 2 fairways 1
   17 par 3 hcp 15  208 yd  tees 5 bunkers 8 fairways 0
   18 par 4 hcp  5  435 yd  tees 1 bunkers 2 fairways 1
== kiawah-ocean
   found relation/17647608 Kiawah Island Golf Resort - The Ocean Course, Ocean Course Drive, Ocean Park, Kiawah Islan
   665 OSM elements in the box
   terrain -1.5..7.6 m, 18 green patches
   wrote /home/runner/work/dubsdread-3d/dubsdread-3d/tools/../golf/courses/kiawah-ocean.js (943 KB), par 72, 7406 yards
    1 par 4 hcp 15  367 yd  tees 2 bunkers 1 fairways 2
    2 par 5 hcp  3  513 yd  tees 2 bunkers 5 fairways 2
    3 par 4 hcp  9  371 yd  tees 3 bunkers 3 fairways 1
    4 par 4 hcp  1  474 yd  tees 4 bunkers 7 fairways 2
    5 par 3 hcp 11  171 yd  tees 2 bunkers 3 fairways 1
    6 par 4 hcp 13  460 yd  tees 4 bunkers 2 fairways 1
    7 par 5 hcp  7  564 yd  tees 2 bunkers 4 fairways 1
    8 par 3 hcp 17  161 yd  tees 2 bunkers 1 fairways 1
    9 par 4 hcp  5  473 yd  tees 2 bunkers 2 fairways 1
   10 par 4 hcp 18  433 yd  tees 5 bunkers 3 fairways 1
   11 par 5 hcp 10  534 yd  tees 2 bunkers 11 fairways 1
   12 par 4 hcp  8  468 yd  tees 2 bunkers 9 fairways 1
   13 par 4 hcp 12  463 yd  tees 3 bunkers 9 fairways 1
   14 par 3 hcp 14  199 yd  tees 2 bunkers 1 fairways 1
   15 par 4 hcp 16  464 yd  tees 5 bunkers 3 fairways 1
   16 par 5 hcp  4  576 yd  tees 2 bunkers 3 fairways 1
   17 par 3 hcp  6  222 yd  tees 5 bunkers 2 fairways 1
   18 par 4 hcp  2  493 yd  tees 5 bunkers 7 fairways 1
== bandon-dunes
   found way/362513477 Bandon Dunes Golf Resort, Brown Lane, Coos County, Oregon, United States
   1804 OSM elements in the box
!! bandon-dunes failed: bandon-dunes: holes [2, 5, 6, 7, 8, 9, 10, 11, 1, 3, 4, 12, 13, 14, 15, 16, 17, 18] appear more than once (two courses in one outline?)
== pacific-dunes
!! pacific-dunes failed: no golf_course found for "Pacific Dunes"
== erin-hills
   found way/172725497 Erin Hills, 7169, County Road O, Thompson, Town of Erin, Washington County, Wisconsin, 530
   663 OSM elements in the box
   terrain 289.7..317.5 m, 18 green patches
   wrote /home/runner/work/dubsdread-3d/dubsdread-3d/tools/../golf/courses/erin-hills.js (1305 KB), par 72, 7646 yards
    1 par 5 hcp 10  449 yd  tees 1 bunkers 6 fairways 3
    2 par 4 hcp 13  361 yd  tees 2 bunkers 4 fairways 1
    3 par 4 hcp  5  517 yd  tees 2 bunkers 9 fairways 1
    4 par 4 hcp 11  442 yd  tees 1 bunkers 7 fairways 1
    5 par 4 hcp  8  501 yd  tees 3 bunkers 5 fairways 1
    6 par 3 hcp 15  235 yd  tees 4 bunkers 3 fairways 1
    7 par 5 hcp  3  616 yd  tees 4 bunkers 16 fairways 1
    8 par 4 hcp  7  507 yd  tees 4 bunkers 3 fairways 1
    9 par 3 hcp 18  163 yd  tees 1 bunkers 9 fairways 2
   10 par 4 hcp  4  521 yd  tees 5 bunkers 15 fairways 1
   11 par 4 hcp 12  409 yd  tees 1 bunkers 3 fairways 2
   12 par 4 hcp  9  497 yd  tees 3 bunkers 1 fairways 1
   13 par 3 hcp 16  214 yd  tees 1 bunkers 1 fairways 1
   14 par 5 hcp  2  619 yd  tees 1 bunkers 8 fairways 1
   15 par 4 hcp 14  253 yd  tees 1 bunkers 10 fairways 1
   16 par 3 hcp 17  187 yd  tees 1 bunkers 12 fairways 2
   17 par 4 hcp  6  511 yd  tees 4 bunkers 1 fairways 1
   18 par 5 hcp  1  644 yd  tees 4 bunkers 23 fairways 1
== harding-park
   found way/16753068 TPC Harding Park, 99, Harding Road, San Francisco, California, 94132, United States
   3394 OSM elements in the box
!! harding-park failed: harding-park: holes [1, 2, 3, 4, 5, 6, 7, 8, 9] appear more than once (two courses in one outline?)
== cog-hill-2
   found way/52010101 Cog Hill Golf & Country Club, McCarthy Road, Lemont, Lemont Township, Cook County, Illinoi
   2464 OSM elements in the box
   3dep retry HTTP Error 502: Bad Gateway
   3dep retry HTTP Error 502: Bad Gateway
   terrain 174.9..224.7 m, 18 green patches
   wrote /home/runner/work/dubsdread-3d/dubsdread-3d/tools/../golf/courses/cog-hill-2.js (1566 KB), par 72, 6548 yards
    1 par 4 hcp 13  336 yd  tees 6 bunkers 4 fairways 2
    2 par 4 hcp 10  366 yd  tees 6 bunkers 2 fairways 1
    3 par 5 hcp  1  530 yd  tees 2 bunkers 1 fairways 1
    4 par 3 hcp 17  144 yd  tees 2 bunkers 1 fairways 1
    5 par 4 hcp  4  452 yd  tees 2 bunkers 0 fairways 2
    6 par 4 hcp 11  365 yd  tees 2 bunkers 2 fairways 1
    7 par 3 hcp 16  183 yd  tees 3 bunkers 2 fairways 1
    8 par 4 hcp  7  397 yd  tees 4 bunkers 1 fairways 1
    9 par 5 hcp  2  517 yd  tees 3 bunkers 4 fairways 1
   10 par 4 hcp  6  425 yd  tees 3 bunkers 1 fairways 4
   11 par 5 hcp  3  511 yd  tees 4 bunkers 2 fairways 3
   12 par 4 hcp  8  390 yd  tees 5 bunkers 2 fairways 3
   13 par 4 hcp 14  315 yd  tees 3 bunkers 4 fairways 1
   14 par 3 hcp 18  138 yd  tees 2 bunkers 1 fairways 1
   15 par 4 hcp  5  426 yd  tees 3 bunkers 0 fairways 1
   16 par 4 hcp 12  363 yd  tees 2 bunkers 5 fairways 2
   17 par 4 hcp 15  315 yd  tees 2 bunkers 2 fairways 1
   18 par 4 hcp  9  375 yd  tees 2 bunkers 0 fairways 1
